// Jest Snapshot v1, https://goo.gl/fbAQLP

exports[`renders correctly 1`] = `
<div
  className="game-settings-component card"
>
  <div
    className="settings-content"
  >
    <span
      className="game-title font-italic text-center"
    >
      Host Settings
    </span>
    <div
      className="host-input"
    >
      <div
        className="input-group"
      >
        <span
          className="input-group-text"
          id="inputGroup-sizing-default"
        >
          Set Speed:
        </span>
        <input
          className="form-control set-speed"
          disabled={true}
          max="15"
          min="1"
          step="1"
          type="range"
        />
      </div>
      <button
        className="start-button btn btn-primary"
        disabled={true}
        role="button"
        type="button"
      >
        Start Game
      </button>
    </div>
  </div>
</div>
`;
